// Jest Snapshot v1, https://goo.gl/fbAQLP

exports[`ImageBanner should render 1`] = `
.c1 {
  background-color: grey;
  display: inline-block;
  color: purple;
  margin-bottom: 0;
  padding: 0 5px;
}

.c1:after {
  height: 20px;
  display: inline-block;
}

.c2 {
  background-color: purple;
  display: inline-block;
  color: white;
  padding: 0 5px;
}

.c0 {
  -webkit-box-pack: center;
  -webkit-justify-content: center;
  -ms-flex-pack: center;
  justify-content: center;
  background-image: url();
  background-size: cover;
  background-repeat: no-repeat;
  display: -webkit-box;
  display: -webkit-flex;
  display: -ms-flexbox;
  display: flex;
  -webkit-flex-direction: column;
  -ms-flex-direction: column;
  flex-direction: column;
  padding-left: 15px;
  height: 400px;
}

<div
  className="c0"
>
  <div>
    <h1
      className="c1"
    >
      
    </h1>
    <br />
    <h3
      className="c2"
    >
      
    </h3>
  </div>
</div>
`;
